
akhro@DESKTOP-075UG60 MINGW64 ~
$ ghci
GHCi, version 9.4.8: https://www.haskell.org/ghc/  :? for help
ghci> 1+1
2
ghci> cos 1
0.5403023058681398
ghci> sqrt 2
1.4142135623730951
ghci> [

<interactive>:4:2: error:
    parse error (possibly incorrect indentation or mismatched brackets)
ghci> []
[]
ghci> let a = []
ghci> a
[]
ghci> [1,2,3,4]
[1,2,3,4]
ghci> []:1:2:3

<interactive>:9:1: error:
    * No instance for (Num [[()]]) arising from a use of `it'
    * In the first argument of `print', namely `it'
      In a stmt of an interactive GHCi command: print it
ghci> let a = [1..]
ghci> a!!000
1
ghci> a!!1000
1001
ghci> a!!1000090
1000091
ghci> a!!1000
1001
ghci> let a = [1..]
ghci> let a = [1, 5..]
ghci> a!!1
5
ghci> a!!2
9
ghci> a!!3
13
ghci> a!!

<interactive>:19:4: error:
    parse error (possibly incorrect indentation or mismatched brackets)
ghci> a!!4
9999999,8.39999999999999,8.49999999999999,8.59999999999999,8.69999999999999,8.79999999999999,8.89999999999999,8.99999999999999,9.099999999999989,9.199999999999989,9.299999999999988,9.399999999999988,9.499999999999988,9.599999999999989,9.699999999999989,9.799999999999988,9.899999999999988,9.999999999
699999999999989,9.799999999999988,9.899999999999988,9.999999999999988]
ghci> import Data.Ratio
ghci> 1%3 + 5%19
34 % 57
ghci> 1%3 + 5%4
19 % 12
ghci> 1%3 + 5%3
2 % 1
ghci> 1%3 + 5%4
19 % 12
ghci> 1%3 + 5%5
4 % 3
ghci> 1%3 + 5%5
4 % 3
ghci> [ x | x <-[1..10], even x]
[2,4,6,8,10]
ghci> [ x | x <-[1..10], x - 1 = 2]

<interactive>:42:26: error: parse error on input `='
ghci> [ x | x <-[1..10], odd x]
[1,3,5,7,9]
ghci> [[1,2],[3,4]]
[[1,2],[3,4]]
ghci>











9999999,8.39999999999999,8.49999999999999,8.59999999999999,8.69999999999999,8.79999999999999,8.89999
999999999,8.99999999999999,9.099999999999989,9.199999999999989,9.299999999999988,9.399999999999988,9
.499999999999988,9.599999999999989,9.699999999999989,9.799999999999988,9.899999999999988,9.999999999
999988]
ghci> import Data.Ratio
ghci> 1%3 + 5%19
34 % 57
ghci> 1%3 + 5%4
19 % 12
ghci> 1%3 + 5%3
2 % 1
ghci> 1%3 + 5%4
19 % 12
ghci> 1%3 + 5%5
4 % 3
ghci> 1%3 + 5%5
4 % 3
ghci> [ x | x <-[1..10], even x]
[2,4,6,8,10]
ghci> [ x | x <-[1..10], x - 1 = 2]

<interactive>:42:26: error: parse error on input `='
ghci> [ x | x <-[1..10], odd x]
[1,3,5,7,9]
ghci> [[1,2],[3,4]]
[[1,2],[3,4]]
ghci> firts a

<interactive>:45:1: error:
    Variable not in scope: firts :: [a0] -> t
ghci> a
[1.1,1.2,1.2999999999999998,1.3999999999999997,1.4999999999999996,1.5999999999999994,1.6999999999999
993,1.7999999999999992,1.899999999999999,1.999999999999999,2.0999999999999988,2.1999999999999984,2.2
999999999999985,2.3999999999999986,2.4999999999999982,2.599999999999998,2.699999999999998,2.79999999
9999998,2.8999999999999977,2.9999999999999973,3.0999999999999974,3.199999999999997,3.299999999999997
,3.3999999999999972,3.499999999999997,3.5999999999999965,3.6999999999999966,3.7999999999999967,3.899
9999999999964,3.999999999999996,4.099999999999996,4.199999999999996,4.299999999999995,4.399999999999
995,4.499999999999996,4.599999999999996,4.699999999999996,4.799999999999995,4.899999999999995,4.9999
99999999995,5.099999999999994,5.199999999999994,5.299999999999994,5.399999999999995,5.49999999999999
5,5.599999999999994,5.699999999999994,5.799999999999994,5.899999999999993,5.999999999999993,6.099999
9999999925,6.199999999999994,6.299999999999994,6.399999999999993,6.499999999999993,6.599999999999992
5,6.699999999999992,6.799999999999992,6.8999999999999915,6.999999999999993,7.0999999999999925,7.1999
99999999992,7.299999999999992,7.3999999999999915,7.499999999999991,7.599999999999991,7.6999999999999
9,7.799999999999992,7.8999999999999915,7.999999999999991,8.09999999999999,8.19999999999999,8.2999999
9999999,8.39999999999999,8.49999999999999,8.59999999999999,8.69999999999999,8.79999999999999,8.89999
999999999,8.99999999999999,9.099999999999989,9.199999999999989,9.299999999999988,9.399999999999988,9
.499999999999988,9.599999999999989,9.699999999999989,9.799999999999988,9.899999999999988,9.999999999
999988]
ghci> first a

<interactive>:47:1: error:
    Variable not in scope: first :: [a0] -> t
ghci> last a
9.999999999999988
ghci> fist a

<interactive>:49:1: error:
    Variable not in scope: fist :: [a0] -> t
    Suggested fix: Perhaps use `fst' (imported from Prelude)
ghci> fst a

<interactive>:50:5: error:
    * Couldn't match expected type: (a, b0)
                  with actual type: [a0]
    * In the first argument of `fst', namely `a'
      In the expression: fst a
      In an equation for `it': it = fst a
    * Relevant bindings include it :: a (bound at <interactive>:50:1)
ghci> last a
9.999999999999988
ghci>
